// Jest Snapshot v1, https://goo.gl/fbAQLP

exports[`#Components #AddForm Submit the form correctly 1`] = `
<ForwardRef
  id="addForm"
  initialData={
    Object {
      "name": "",
    }
  }
  onSubmit={
    [MockFunction] {
      "calls": Array [
        Array [
          Object {
            "preventDefault": [Function],
          },
        ],
      ],
      "results": Array [
        Object {
          "type": "return",
          "value": undefined,
        },
      ],
    }
  }
>
  <InputCustom
    className="custom-input"
    name="name"
    placeholder="Name"
  />
  <WithStyles(ForwardRef(Button))
    color="primary"
    type="submit"
    variant="contained"
  >
    <Memo(ForwardRef(AddIcon)) />
      Salvar
  </WithStyles(ForwardRef(Button))>
</ForwardRef>
`;
